PRT1
104
304
4 0 47 (256 0 179.967010 ) (256 0 256 ) (176 0 256 ) (176 0 179.967010 ) 
4 0 3 (176 256 179.967010 ) (256 256 179.967010 ) (256 0 179.967010 ) (176 0 179.967010 ) 
4 0 2 (176 0 192 ) (176 0 256 ) (176 72 256 ) (176 72 192 ) 
4 0 1 (176 256 179.967010 ) (176 72 179.967010 ) (176 72 256 ) (176 256 256 ) 
4 1 25 (0 72 256 ) (0 256 256 ) (0 256 179.967010 ) (0 72 179.967010 ) 
4 1 4 (0 256 179.967010 ) (176 256 179.967010 ) (176 72 179.967010 ) (0 72 179.967010 ) 
4 1 2 (176 72 192 ) (176 72 256 ) (0 72 256 ) (0 72 192 ) 
4 2 48 (176 0 256 ) (0 0 256 ) (0 0 192 ) (176 0 192 ) 
4 2 26 (0 0 192 ) (0 0 256 ) (0 72 256 ) (0 72 192 ) 
4 3 50 (256 0 -153.559998 ) (256 0 179.967010 ) (176 0 179.967010 ) (176 0 -153.559998 ) 
4 3 21 (176 256 -153.559998 ) (256 256 -153.559998 ) (256 0 -153.559998 ) (176 0 -153.559998 ) 
4 3 6 (176 64 -153.559998 ) (176 0 -153.559998 ) (176 0 179.967010 ) (176 64 179.967010 ) 
4 3 5 (176 72 -153.559998 ) (176 69 -153.559998 ) (176 69 179.967010 ) (176 72 179.967010 ) 
4 3 4 (176 256 -153.559998 ) (176 72 -153.559998 ) (176 72 179.967010 ) (176 256 179.967010 ) 
4 4 28 (0 72 179.967010 ) (0 256 179.967010 ) (0 256 -153.559998 ) (0 72 -153.559998 ) 
4 4 22 (0 72 -153.559998 ) (0 256 -153.559998 ) (176 256 -153.559998 ) (176 72 -153.559998 ) 
4 4 9 (0 72 -153.559998 ) (49.565300 72 -153.559998 ) (49.565300 72 179.967010 ) (0 72 179.967010 ) 
4 4 7 (49.565300 72 -153.559998 ) (164.941010 72 -153.559998 ) (164.941010 72 179.967010 ) (49.565300 72 179.967010 ) 
4 4 5 (171.852997 72 -153.559998 ) (176 72 -153.559998 ) (176 72 179.967010 ) (171.852997 72 179.967010 ) 
4 5 23 (171.852997 72 -153.559998 ) (176 72 -153.559998 ) (176 69 -153.559998 ) (171.852997 69 -153.559998 ) 
4 6 51 (176 0 179.967010 ) (171.852997 0 179.967010 ) (171.852997 0 -153.559998 ) (176 0 -153.559998 ) 
4 6 23 (176 64 -153.559998 ) (176 0 -153.559998 ) (171.852997 0 -153.559998 ) (171.852997 64 -153.559998 ) 
4 7 23 (49.565300 72 -153.559998 ) (164.941010 72 -153.559998 ) (164.941010 69 -153.559998 ) (49.565300 69 -153.559998 ) 
4 7 9 (49.565300 72 179.967010 ) (49.565300 72 -153.559998 ) (49.565300 69 -153.559998 ) (49.565300 69 179.967010 ) 
4 8 64 (49.565300 0 -69.910507 ) (49.565300 0 -73.161797 ) (50 0 -73.161797 ) (50 0 -69.910507 ) 
4 8 57 (49.565300 0 37 ) (49.565300 0 -69.910507 ) (50 0 -69.910507 ) (50 0 37 ) 
4 8 54 (49.565300 0 61 ) (49.565300 0 37 ) (50 0 37 ) (50 0 61 ) 
4 8 53 (50 0 179.967010 ) (49.565300 0 179.967010 ) (49.565300 0 61 ) (50 0 61 ) 
4 8 69 (49.565300 0 -73.161797 ) (49.565300 0 -153.559998 ) (50 0 -153.559998 ) (50 0 -73.161797 ) 
4 8 52 (164.941010 0 179.967010 ) (50 0 179.967010 ) (50 0 -153.559998 ) (164.941010 0 -153.559998 ) 
4 8 23 (164.941010 64 -153.559998 ) (164.941010 0 -153.559998 ) (49.565300 0 -153.559998 ) (49.565300 64 -153.559998 ) 
4 8 19 (49.565300 0 -73.161797 ) (49.565300 0 -69.910507 ) (49.565300 35 -69.910507 ) (49.565300 35 -73.161797 ) 
4 8 18 (49.565300 40 -71 ) (49.565300 40 -73.161797 ) (49.565300 35 -73.161797 ) (49.565300 35 -71 ) 
4 8 17 (49.565300 40 -69.910507 ) (49.565300 42.979805 -69.910507 ) (49.565300 42.979805 -73.161797 ) (49.565300 40 -73.161797 ) 
4 8 14 (49.565300 0 -69.910507 ) (49.565300 0 60.828606 ) (49.565300 35 60.828606 ) (49.565300 35 -69.910507 ) 
4 8 13 (49.565300 40 60.828606 ) (49.565300 42.637703 60.828606 ) (49.565300 42.637703 -69.910507 ) (49.565300 40 -69.910507 ) 
4 8 12 (49.565300 42.637703 60.828606 ) (49.565300 42.979805 60.828606 ) (49.565300 42.979805 -69.910507 ) (49.565300 42.637703 -69.910507 ) 
4 8 20 (49.565300 42.979805 -153.559998 ) (49.565300 0 -153.559998 ) (49.565300 0 -73.161797 ) (49.565300 42.979805 -73.161797 ) 
4 8 11 (49.565300 64 -153.559998 ) (49.565300 42.979805 -153.559998 ) (49.565300 42.979805 60.828606 ) (49.565300 64 60.828606 ) 
4 8 10 (49.565300 0 60.828606 ) (49.565300 0 179.967010 ) (49.565300 64 179.967010 ) (49.565300 64 60.828606 ) 
4 9 29 (0 69 179.967010 ) (0 72 179.967010 ) (0 72 -153.559998 ) (0 69 -153.559998 ) 
4 9 23 (0 69 -153.559998 ) (0 72 -153.559998 ) (49.565300 72 -153.559998 ) (49.565300 69 -153.559998 ) 
4 10 53 (49.565300 0 179.967010 ) (0 0 179.967010 ) (0 0 60.828606 ) (49.565300 0 60.828606 ) 
4 10 31 (0 0 60.828606 ) (0 0 179.967010 ) (0 42.979805 179.967010 ) (0 42.979805 60.828606 ) 
4 10 30 (0 42.979805 179.967010 ) (0 64 179.967010 ) (0 64 60.828606 ) (0 42.979805 60.828606 ) 
4 10 15 (0 40 60.828606 ) (0 42.637703 60.828606 ) (37.509399 42.637703 60.828606 ) (37.509399 40 60.828606 ) 
4 10 16 (37.509399 0 60.828606 ) (0 0 60.828606 ) (0 35 60.828606 ) (37.509399 35 60.828606 ) 
4 10 14 (49.565300 35 60.828606 ) (49.565300 0 60.828606 ) (42.509399 0 60.828606 ) (42.509399 35 60.828606 ) 
4 10 13 (49.565300 42.637703 60.828606 ) (49.565300 40 60.828606 ) (42.509399 40 60.828606 ) (42.509399 42.637703 60.828606 ) 
4 10 12 (49.565300 42.979805 60.828606 ) (49.565300 42.637703 60.828606 ) (0 42.637703 60.828606 ) (0 42.979805 60.828606 ) 
4 10 11 (0 64 60.828606 ) (49.565300 64 60.828606 ) (49.565300 42.979805 60.828606 ) (0 42.979805 60.828606 ) 
4 11 30 (0 42.979805 60.828606 ) (0 64 60.828606 ) (0 64 -153.559998 ) (0 42.979805 -153.559998 ) 
4 11 23 (0 42.979805 -153.559998 ) (0 64 -153.559998 ) (49.565300 64 -153.559998 ) (49.565300 42.979805 -153.559998 ) 
4 11 17 (49.565300 42.979805 -73.161797 ) (49.565300 42.979805 -69.910507 ) (45 42.979805 -69.910507 ) (45 42.979805 -73.161797 ) 
4 11 12 (49.565300 42.979805 -69.910507 ) (49.565300 42.979805 60.828606 ) (0 42.979805 60.828606 ) (0 42.979805 -69.910507 ) 
4 11 20 (0 42.979805 -153.559998 ) (49.565300 42.979805 -153.559998 ) (49.565300 42.979805 -73.161797 ) (0 42.979805 -73.161797 ) 
4 12 32 (0 42.637703 60.828606 ) (0 42.979805 60.828606 ) (0 42.979805 -69.910507 ) (0 42.637703 -69.910507 ) 
4 12 17 (45 42.979805 -69.910507 ) (49.565300 42.979805 -69.910507 ) (49.565300 42.637703 -69.910507 ) (45 42.637703 -69.910507 ) 
4 12 15 (0 42.637703 -69.910507 ) (37.509399 42.637703 -69.910507 ) (37.509399 42.637703 60.828606 ) (0 42.637703 60.828606 ) 
4 12 13 (42.509399 42.637703 -69.910507 ) (49.565300 42.637703 -69.910507 ) (49.565300 42.637703 60.828606 ) (42.509399 42.637703 60.828606 ) 
4 13 17 (45 42.637703 -69.910507 ) (49.565300 42.637703 -69.910507 ) (49.565300 40 -69.910507 ) (45 40 -69.910507 ) 
4 14 57 (42.509399 0 -69.910507 ) (49.565300 0 -69.910507 ) (49.565300 0 37 ) (42.509399 0 37 ) 
4 14 54 (49.565300 0 37 ) (49.565300 0 60.828606 ) (42.509399 0 60.828606 ) (42.509399 0 37 ) 
4 14 19 (49.565300 35 -69.910507 ) (49.565300 0 -69.910507 ) (45 0 -69.910507 ) (45 35 -69.910507 ) 
4 15 33 (0 40 60.828606 ) (0 42.165298 60.828606 ) (0 42.165298 -69.910507 ) (0 40 -69.910507 ) 
4 15 32 (0 42.165298 60.828606 ) (0 42.637703 60.828606 ) (0 42.637703 -69.910507 ) (0 42.165298 -69.910507 ) 
4 16 58 (0 0 60.828606 ) (0 0 -69.910507 ) (37.509399 0 -69.910507 ) (37.509399 0 60.828606 ) 
4 16 35 (0 0 -69.910507 ) (0 0 60.828606 ) (0 35 60.828606 ) (0 35 -69.910507 ) 
4 17 18 (45 40 -73.161797 ) (49.565300 40 -73.161797 ) (49.565300 40 -71 ) (45 40 -71 ) 
4 17 20 (45 42.979805 -73.161797 ) (49.565300 42.979805 -73.161797 ) (49.565300 40 -73.161797 ) (45 40 -73.161797 ) 
4 18 19 (45 35 -73.161797 ) (49.565300 35 -73.161797 ) (49.565300 35 -71 ) (45 35 -71 ) 
4 18 20 (49.565300 40 -73.161797 ) (49.565300 35 -73.161797 ) (45 35 -73.161797 ) (45 40 -73.161797 ) 
4 19 64 (45 0 -73.161797 ) (49.565300 0 -73.161797 ) (49.565300 0 -69.910507 ) (45 0 -69.910507 ) 
4 19 20 (49.565300 35 -73.161797 ) (49.565300 0 -73.161797 ) (45 0 -73.161797 ) (45 35 -73.161797 ) 
4 20 69 (0 0 -73.161797 ) (0 0 -153.559998 ) (49.565300 0 -153.559998 ) (49.565300 0 -73.161797 ) 
4 20 40 (0 0 -153.559998 ) (0 0 -73.161797 ) (0 42.979805 -73.161797 ) (0 42.979805 -153.559998 ) 
4 20 23 (0 0 -153.559998 ) (0 42.979805 -153.559998 ) (49.565300 42.979805 -153.559998 ) (49.565300 0 -153.559998 ) 
4 21 73 (256 0 -256 ) (256 0 -153.559998 ) (176 0 -153.559998 ) (176 0 -256 ) 
4 21 23 (176 0 -155.967010 ) (176 0 -153.559998 ) (176 72 -153.559998 ) (176 72 -155.967010 ) 
4 21 24 (176 72 -256 ) (176 0 -256 ) (176 0 -168 ) (176 72 -168 ) 
4 21 22 (176 256 -256 ) (176 72 -256 ) (176 72 -153.559998 ) (176 256 -153.559998 ) 
4 22 43 (0 72 -153.559998 ) (0 256 -153.559998 ) (0 256 -256 ) (0 72 -256 ) 
4 22 23 (176 72 -155.967010 ) (176 72 -153.559998 ) (0 72 -153.559998 ) (0 72 -155.967010 ) 
4 22 24 (0 72 -256 ) (176 72 -256 ) (176 72 -168 ) (0 72 -168 ) 
4 23 74 (176 0 -153.559998 ) (0 0 -153.559998 ) (0 0 -155.967010 ) (176 0 -155.967010 ) 
4 23 44 (0 0 -155.967010 ) (0 0 -153.559998 ) (0 72 -153.559998 ) (0 72 -155.967010 ) 
4 24 75 (0 0 -168 ) (0 0 -256 ) (176 0 -256 ) (176 0 -168 ) 
4 24 45 (0 0 -256 ) (0 0 -168 ) (0 72 -168 ) (0 72 -256 ) 
4 25 28 (-177.897995 256 179.967010 ) (0 256 179.967010 ) (0 72 179.967010 ) (-177.897995 72 179.967010 ) 
4 25 42 (-184 256 179.967010 ) (-177.897995 256 179.967010 ) (-177.897995 72 179.967010 ) (-184 72 179.967010 ) 
4 25 26 (-184 72 256 ) (-184 72 192 ) (0 72 192 ) (0 72 256 ) 
4 25 27 (-184 256 179.967010 ) (-184 72 179.967010 ) (-184 72 256 ) (-184 256 256 ) 
4 26 77 (0 0 192 ) (0 0 256 ) (-184 0 256 ) (-184 0 192 ) 
4 26 27 (-184 0 192 ) (-184 0 256 ) (-184 72 256 ) (-184 72 192 ) 
4 27 79 (-184 0 256 ) (-256 0 256 ) (-256 0 179.967010 ) (-184 0 179.967010 ) 
4 27 42 (-256 0 179.967010 ) (-256 256 179.967010 ) (-184 256 179.967010 ) (-184 0 179.967010 ) 
4 28 43 (-177.897995 72 -153.559998 ) (-177.897995 256 -153.559998 ) (0 256 -153.559998 ) (0 72 -153.559998 ) 
4 28 29 (-170.986008 72 -153.559998 ) (0 72 -153.559998 ) (0 72 179.967010 ) (-170.986008 72 179.967010 ) 
4 28 42 (-177.897995 256 -153.559998 ) (-177.897995 72 -153.559998 ) (-177.897995 72 179.967010 ) (-177.897995 256 179.967010 ) 
4 29 44 (-170.986008 72 -153.559998 ) (0 72 -153.559998 ) (0 69 -153.559998 ) (-170.986008 69 -153.559998 ) 
4 30 44 (-170.986008 64 -153.559998 ) (0 64 -153.559998 ) (0 42.979805 -153.559998 ) (-170.986008 42.979805 -153.559998 ) 
4 30 37 (-41 42.979805 -69.910507 ) (-45.434704 42.979805 -69.910507 ) (-45.434704 42.979805 -73.161797 ) (-41 42.979805 -73.161797 ) 
4 30 32 (0 42.979805 -69.910507 ) (0 42.979805 60.857704 ) (-45.434704 42.979805 60.857704 ) (-45.434704 42.979805 -69.910507 ) 
4 30 40 (-45.434704 42.979805 -153.559998 ) (0 42.979805 -153.559998 ) (0 42.979805 -73.161797 ) (-45.434704 42.979805 -73.161797 ) 
4 30 31 (0 42.979805 60.857704 ) (0 42.979805 179.967010 ) (-45.434704 42.979805 179.967010 ) (-45.434704 42.979805 60.857704 ) 
4 30 41 (-170.986008 42.979805 -153.559998 ) (-45.434704 42.979805 -153.559998 ) (-45.434704 42.979805 179.967010 ) (-170.986008 42.979805 179.967010 ) 
4 31 80 (0 0 60.857704 ) (0 0 179.967010 ) (-45 0 179.967010 ) (-45 0 60.857704 ) 
4 31 95 (-45 0 179.967010 ) (-45.434704 0 179.967010 ) (-45.434704 0 60.857704 ) (-45 0 60.857704 ) 
4 31 35 (0 0 60.857704 ) (-33.272202 0 60.857704 ) (-33.272202 35 60.857704 ) (0 35 60.857704 ) 
4 31 36 (-38.272202 0 60.857704 ) (-45.434704 0 60.857704 ) (-45.434704 35 60.857704 ) (-38.272202 35 60.857704 ) 
4 31 33 (-33.272202 42.165298 60.857704 ) (0 42.165298 60.857704 ) (0 40 60.857704 ) (-33.272202 40 60.857704 ) 
4 31 34 (-45.434704 40 60.857704 ) (-45.434704 42.165298 60.857704 ) (-38.272202 42.165298 60.857704 ) (-38.272202 40 60.857704 ) 
4 31 32 (-45.434704 42.165298 60.857704 ) (-45.434704 42.979805 60.857704 ) (0 42.979805 60.857704 ) (0 42.165298 60.857704 ) 
4 31 41 (-45.434704 42.979805 179.967010 ) (-45.434704 42.979805 60.857704 ) (-45.434704 0 60.857704 ) (-45.434704 0 179.967010 ) 
4 32 37 (-45.434704 42.165298 -69.910507 ) (-45.434704 42.979805 -69.910507 ) (-41 42.979805 -69.910507 ) (-41 42.165298 -69.910507 ) 
4 32 33 (-33.272202 42.165298 -69.910507 ) (0 42.165298 -69.910507 ) (0 42.165298 60.857704 ) (-33.272202 42.165298 60.857704 ) 
4 32 34 (-45.434704 42.165298 -69.910507 ) (-38.272202 42.165298 -69.910507 ) (-38.272202 42.165298 60.857704 ) (-45.434704 42.165298 60.857704 ) 
4 32 41 (-45.434704 42.979805 60.857704 ) (-45.434704 42.979805 -69.910507 ) (-45.434704 42.165298 -69.910507 ) (-45.434704 42.165298 60.857704 ) 
4 34 37 (-45.434704 40 -69.910507 ) (-45.434704 42.165298 -69.910507 ) (-41 42.165298 -69.910507 ) (-41 40 -69.910507 ) 
4 34 41 (-45.434704 42.165298 -69.910507 ) (-45.434704 40 -69.910507 ) (-45.434704 40 60.857704 ) (-45.434704 42.165298 60.857704 ) 
4 35 87 (-20.391600 0 37 ) (-33.272202 0 37 ) (-33.272202 0 -69.910507 ) (-20.391600 0 -69.910507 ) 
4 35 86 (0 0 -69.910507 ) (0 0 37 ) (-20.391600 0 37 ) (-20.391600 0 -69.910507 ) 
4 35 81 (0 0 37 ) (0 0 60.857704 ) (-33.272202 0 60.857704 ) (-33.272202 0 37 ) 
4 36 89 (-45 0 37 ) (-45 0 -69.910507 ) (-38.272202 0 -69.910507 ) (-38.272202 0 37 ) 
4 36 84 (-38.272202 0 60.857704 ) (-45 0 60.857704 ) (-45 0 37 ) (-38.272202 0 37 ) 
4 36 95 (-45 0 60.857704 ) (-45.434704 0 60.857704 ) (-45.434704 0 -69.910507 ) (-45 0 -69.910507 ) 
4 36 39 (-41 0 -69.910507 ) (-45.434704 0 -69.910507 ) (-45.434704 35 -69.910507 ) (-41 35 -69.910507 ) 
4 36 41 (-45.434704 35 -69.910507 ) (-45.434704 0 -69.910507 ) (-45.434704 0 60.857704 ) (-45.434704 35 60.857704 ) 
4 37 38 (-45.434704 40 -73.161797 ) (-41 40 -73.161797 ) (-41 40 -71 ) (-45.434704 40 -71 ) 
4 37 41 (-45.434704 42.979805 -69.910507 ) (-45.434704 42.979805 -73.161797 ) (-45.434704 40 -73.161797 ) (-45.434704 40 -69.910507 ) 
4 37 40 (-45.434704 40 -73.161797 ) (-45.434704 42.979805 -73.161797 ) (-41 42.979805 -73.161797 ) (-41 40 -73.161797 ) 
4 38 39 (-45.434704 35 -73.161797 ) (-41 35 -73.161797 ) (-41 35 -71 ) (-45.434704 35 -71 ) 
4 38 40 (-45.434704 35 -73.161797 ) (-45.434704 40 -73.161797 ) (-41 40 -73.161797 ) (-41 35 -73.161797 ) 
4 38 41 (-45.434704 40 -73.161797 ) (-45.434704 35 -73.161797 ) (-45.434704 35 -71 ) (-45.434704 40 -71 ) 
4 39 93 (-41 0 -69.910507 ) (-45 0 -69.910507 ) (-45 0 -73.161797 ) (-41 0 -73.161797 ) 
4 39 95 (-45 0 -69.910507 ) (-45.434704 0 -69.910507 ) (-45.434704 0 -73.161797 ) (-45 0 -73.161797 ) 
4 39 40 (-45.434704 0 -73.161797 ) (-45.434704 35 -73.161797 ) (-41 35 -73.161797 ) (-41 0 -73.161797 ) 
4 39 41 (-45.434704 35 -73.161797 ) (-45.434704 0 -73.161797 ) (-45.434704 0 -69.910507 ) (-45.434704 35 -69.910507 ) 
4 40 94 (0 0 -153.559998 ) (0 0 -73.161797 ) (-45 0 -73.161797 ) (-45 0 -153.559998 ) 
4 40 95 (-45 0 -73.161797 ) (-45.434704 0 -73.161797 ) (-45.434704 0 -153.559998 ) (-45 0 -153.559998 ) 
4 40 44 (0 0 -153.559998 ) (-45.434704 0 -153.559998 ) (-45.434704 42.979805 -153.559998 ) (0 42.979805 -153.559998 ) 
4 40 41 (-45.434704 42.979805 -73.161797 ) (-45.434704 42.979805 -153.559998 ) (-45.434704 0 -153.559998 ) (-45.434704 0 -73.161797 ) 
4 41 95 (-45.434704 0 179.967010 ) (-170.986008 0 179.967010 ) (-170.986008 0 -153.559998 ) (-45.434704 0 -153.559998 ) 
4 41 44 (-45.434704 0 -153.559998 ) (-170.986008 0 -153.559998 ) (-170.986008 42.979805 -153.559998 ) (-45.434704 42.979805 -153.559998 ) 
4 42 99 (-177.897995 0 179.967010 ) (-256 0 179.967010 ) (-256 0 -153.559998 ) (-177.897995 0 -153.559998 ) 
4 42 44 (-177.897995 0 -153.559998 ) (-184 0 -153.559998 ) (-184 72 -153.559998 ) (-177.897995 72 -153.559998 ) 
4 42 43 (-184 72 -153.559998 ) (-184 256 -153.559998 ) (-177.897995 256 -153.559998 ) (-177.897995 72 -153.559998 ) 
4 42 46 (-184 0 -153.559998 ) (-256 0 -153.559998 ) (-256 256 -153.559998 ) (-184 256 -153.559998 ) 
4 43 44 (-184 72 -153.559998 ) (-184 72 -155.967010 ) (0 72 -155.967010 ) (0 72 -153.559998 ) 
4 43 45 (-184 72 -168 ) (-184 72 -256 ) (0 72 -256 ) (0 72 -168 ) 
4 43 46 (-184 256 -256 ) (-184 72 -256 ) (-184 72 -153.559998 ) (-184 256 -153.559998 ) 
4 44 100 (0 0 -155.967010 ) (0 0 -153.559998 ) (-184 0 -153.559998 ) (-184 0 -155.967010 ) 
4 44 46 (-184 0 -155.967010 ) (-184 0 -153.559998 ) (-184 72 -153.559998 ) (-184 72 -155.967010 ) 
4 45 101 (0 0 -256 ) (0 0 -168 ) (-184 0 -168 ) (-184 0 -256 ) 
4 45 46 (-184 72 -256 ) (-184 0 -256 ) (-184 0 -168 ) (-184 72 -168 ) 
4 46 103 (-184 0 -153.559998 ) (-256 0 -153.559998 ) (-256 0 -256 ) (-184 0 -256 ) 
4 47 50 (176 0 179.967010 ) (256 0 179.967010 ) (256 -256 179.967010 ) (176 -256 179.967010 ) 
4 47 48 (176 -88 192 ) (176 -88 256 ) (176 0 256 ) (176 0 192 ) 
4 47 49 (176 -88 179.967010 ) (176 -256 179.967010 ) (176 -256 256 ) (176 -88 256 ) 
4 48 77 (0 0 256 ) (0 0 192 ) (0 -88 192 ) (0 -88 256 ) 
4 48 49 (176 -88 192 ) (176 -88 256 ) (0 -88 256 ) (0 -88 192 ) 
4 49 78 (0 -88 179.967010 ) (0 -256 179.967010 ) (0 -256 256 ) (0 -88 256 ) 
4 49 72 (176 -88 179.967010 ) (176 -256 179.967010 ) (0 -256 179.967010 ) (0 -88 179.967010 ) 
4 50 73 (256 0 -153.559998 ) (256 -256 -153.559998 ) (176 -256 -153.559998 ) (176 0 -153.559998 ) 
4 50 70 (176 -85 -153.559998 ) (176 -88 -153.559998 ) (176 -88 179.967010 ) (176 -85 179.967010 ) 
4 50 51 (176 0 -153.559998 ) (176 -80 -153.559998 ) (176 -80 179.967010 ) (176 0 179.967010 ) 
4 50 72 (176 -88 -153.559998 ) (176 -256 -153.559998 ) (176 -256 179.967010 ) (176 -88 179.967010 ) 
4 51 74 (171.852997 0 -153.559998 ) (176 0 -153.559998 ) (176 -80 -153.559998 ) (171.852997 -80 -153.559998 ) 
4 52 74 (50 0 -153.559998 ) (164.941010 0 -153.559998 ) (164.941010 -80 -153.559998 ) (50 -80 -153.559998 ) 
4 52 64 (50 0 -69.910507 ) (50 0 -73.161797 ) (50 -62.362301 -73.161797 ) (50 -62.362301 -69.910507 ) 
4 52 57 (50 0 37 ) (50 0 -69.910507 ) (50 -62.362301 -69.910507 ) (50 -62.362301 37 ) 
4 52 54 (50 -41 61 ) (50 0 61 ) (50 0 37 ) (50 -41 37 ) 
4 52 55 (50 -62.362301 61 ) (50 -62 61 ) (50 -62 37 ) (50 -62.362301 37 ) 
4 52 68 (50 -80 -73.161797 ) (50 -80 61 ) (50 -62.362301 61 ) (50 -62.362301 -73.161797 ) 
4 52 53 (50 -80 61 ) (50 -80 179.967010 ) (50 0 179.967010 ) (50 0 61 ) 
4 52 69 (50 0 -153.559998 ) (50 -80 -153.559998 ) (50 -80 -73.161797 ) (50 0 -73.161797 ) 
4 53 96 (0 -62.834702 61 ) (0 -80 61 ) (0 -80 179.967010 ) (0 -62.834702 179.967010 ) 
4 53 80 (0 0 179.967010 ) (0 0 61 ) (0 -62.834702 61 ) (0 -62.834702 179.967010 ) 
4 53 60 (0 -41 61 ) (0 -36.678902 61 ) (23.977400 -36.678902 61 ) (23.977400 -41 61 ) 
4 53 59 (37.509399 -36.678902 61 ) (37.509399 -41 61 ) (23.977400 -41 61 ) (23.977400 -36.678902 61 ) 
4 53 58 (0 0 61 ) (37.509399 0 61 ) (37.509399 -36.678902 61 ) (0 -36.678902 61 ) 
4 53 63 (37.509399 -62 61 ) (37.509399 -62.362301 61 ) (0 -62.362301 61 ) (0 -62 61 ) 
4 53 56 (37.509399 0 61 ) (42.509399 0 61 ) (42.509399 -41 61 ) (37.509399 -41 61 ) 
4 53 54 (42.509399 0 61 ) (50 0 61 ) (50 -41 61 ) (42.509399 -41 61 ) 
4 53 55 (50 -62 61 ) (50 -62.362301 61 ) (42.509399 -62.362301 61 ) (42.509399 -62 61 ) 
4 53 68 (50 -62.362301 61 ) (50 -80 61 ) (0 -80 61 ) (0 -62.362301 61 ) 
4 54 57 (42.509399 -41 37 ) (42.509399 0 37 ) (50 0 37 ) (50 -41 37 ) 
4 55 57 (50 -62.362301 37 ) (42.509399 -62.362301 37 ) (42.509399 -62 37 ) (50 -62 37 ) 
4 55 68 (50 -62.362301 37 ) (50 -62.362301 61 ) (42.509399 -62.362301 61 ) (42.509399 -62.362301 37 ) 
4 57 65 (45 -62.362301 -69.910507 ) (42.509399 -62.362301 -69.910507 ) (42.509399 -62.020199 -69.910507 ) (45 -62.020199 -69.910507 ) 
4 57 64 (50 -62.362301 -69.910507 ) (45 -62.362301 -69.910507 ) (45 0 -69.910507 ) (50 0 -69.910507 ) 
4 57 68 (50 -62.362301 -69.910507 ) (50 -62.362301 37 ) (42.509399 -62.362301 37 ) (42.509399 -62.362301 -69.910507 ) 
4 58 86 (0 0 37 ) (0 0 -69.910507 ) (0 -36.678902 -69.910507 ) (0 -36.678902 37 ) 
4 58 81 (0 0 61 ) (0 0 37 ) (0 -36.678902 37 ) (0 -36.678902 61 ) 
4 58 61 (0 -36.678902 -69.910507 ) (23.977400 -36.678902 -69.910507 ) (23.977400 -36.678902 37 ) (0 -36.678902 37 ) 
4 58 60 (23.977400 -36.678902 61 ) (0 -36.678902 61 ) (0 -36.678902 37 ) (23.977400 -36.678902 37 ) 
4 60 81 (0 -41 61 ) (0 -36.678902 61 ) (0 -36.678902 37 ) (0 -41 37 ) 
4 60 61 (0 -41 37 ) (0 -36.678902 37 ) (23.977400 -36.678902 37 ) (23.977400 -41 37 ) 
4 61 86 (0 -36.678902 -69.910507 ) (0 -53.070400 -69.910507 ) (0 -53.070400 37 ) (0 -36.678902 37 ) 
4 61 62 (0 -53.070400 -69.910507 ) (23.977400 -53.070400 -69.910507 ) (23.977400 -53.070400 37 ) (0 -53.070400 37 ) 
4 62 86 (0 -53.070400 -69.910507 ) (0 -62 -69.910507 ) (0 -62 37 ) (0 -53.070400 37 ) 
4 62 63 (0 -62 -69.910507 ) (37.509399 -62 -69.910507 ) (37.509399 -62 37 ) (0 -62 37 ) 
4 63 86 (0 -62 -69.910507 ) (0 -62.362301 -69.910507 ) (0 -62.362301 37 ) (0 -62 37 ) 
4 63 83 (0 -62.362301 37 ) (0 -62.362301 61 ) (0 -62 61 ) (0 -62 37 ) 
4 63 67 (37.509399 -62.362301 -69.910507 ) (0 -62.362301 -69.910507 ) (0 -62 -69.910507 ) (37.509399 -62 -69.910507 ) 
4 63 68 (37.509399 -62.362301 61 ) (0 -62.362301 61 ) (0 -62.362301 -69.910507 ) (37.509399 -62.362301 -69.910507 ) 
4 64 65 (45 -62.020199 -73.161797 ) (45 -62.362301 -73.161797 ) (45 -62.362301 -69.910507 ) (45 -62.020199 -69.910507 ) 
4 64 69 (50 0 -73.161797 ) (50 -62.362301 -73.161797 ) (45 -62.362301 -73.161797 ) (45 0 -73.161797 ) 
4 64 68 (45 -62.362301 -73.161797 ) (50 -62.362301 -73.161797 ) (50 -62.362301 -69.910507 ) (45 -62.362301 -69.910507 ) 
4 65 66 (42.509399 -62.020199 -73.161797 ) (42.509399 -62.362301 -73.161797 ) (42.509399 -62.362301 -71 ) (42.509399 -62.020199 -71 ) 
4 65 68 (42.509399 -62.362301 -73.161797 ) (45 -62.362301 -73.161797 ) (45 -62.362301 -69.910507 ) (42.509399 -62.362301 -69.910507 ) 
4 65 69 (45 -62.362301 -73.161797 ) (42.509399 -62.362301 -73.161797 ) (42.509399 -62.020199 -73.161797 ) (45 -62.020199 -73.161797 ) 
4 66 67 (37.509399 -62.020199 -73.161797 ) (37.509399 -62.362301 -73.161797 ) (37.509399 -62.362301 -71 ) (37.509399 -62.020199 -71 ) 
4 66 69 (42.509399 -62.362301 -73.161797 ) (37.509399 -62.362301 -73.161797 ) (37.509399 -62.020199 -73.161797 ) (42.509399 -62.020199 -73.161797 ) 
4 66 68 (37.509399 -62.362301 -73.161797 ) (42.509399 -62.362301 -73.161797 ) (42.509399 -62.362301 -71 ) (37.509399 -62.362301 -71 ) 
4 67 90 (0 -62.020199 -73.161797 ) (0 -62.362301 -73.161797 ) (0 -62.362301 -69.910507 ) (0 -62.020199 -69.910507 ) 
4 67 69 (37.509399 -62.362301 -73.161797 ) (0 -62.362301 -73.161797 ) (0 -62.020199 -73.161797 ) (37.509399 -62.020199 -73.161797 ) 
4 67 68 (0 -62.362301 -73.161797 ) (37.509399 -62.362301 -73.161797 ) (37.509399 -62.362301 -69.910507 ) (0 -62.362301 -69.910507 ) 
4 68 96 (0 -62.834702 -73.161797 ) (0 -80 -73.161797 ) (0 -80 61 ) (0 -62.834702 61 ) 
4 68 90 (0 -62.362301 -73.161797 ) (0 -62.834702 -73.161797 ) (0 -62.834702 -69.910507 ) (0 -62.362301 -69.910507 ) 
4 68 86 (0 -62.834702 -69.910507 ) (0 -62.834702 37 ) (0 -62.362301 37 ) (0 -62.362301 -69.910507 ) 
4 68 83 (0 -62.834702 37 ) (0 -62.834702 61 ) (0 -62.362301 61 ) (0 -62.362301 37 ) 
4 68 69 (50 -62.362301 -73.161797 ) (50 -80 -73.161797 ) (0 -80 -73.161797 ) (0 -62.362301 -73.161797 ) 
4 69 96 (0 -62.834702 -153.559998 ) (0 -80 -153.559998 ) (0 -80 -73.161797 ) (0 -62.834702 -73.161797 ) 
4 69 94 (0 0 -73.161797 ) (0 0 -153.559998 ) (0 -62.834702 -153.559998 ) (0 -62.834702 -73.161797 ) 
4 69 74 (0 -80 -153.559998 ) (0 0 -153.559998 ) (50 0 -153.559998 ) (50 -80 -153.559998 ) 
4 70 74 (176 -85 -153.559998 ) (176 -88 -153.559998 ) (171.852997 -88 -153.559998 ) (171.852997 -85 -153.559998 ) 
4 70 72 (171.852997 -88 -153.559998 ) (176 -88 -153.559998 ) (176 -88 179.967010 ) (171.852997 -88 179.967010 ) 
4 71 97 (0 -85 -153.559998 ) (0 -88 -153.559998 ) (0 -88 179.967010 ) (0 -85 179.967010 ) 
4 71 74 (0 -88 -153.559998 ) (0 -85 -153.559998 ) (164.941010 -85 -153.559998 ) (164.941010 -88 -153.559998 ) 
4 71 72 (0 -88 -153.559998 ) (164.941010 -88 -153.559998 ) (164.941010 -88 179.967010 ) (0 -88 179.967010 ) 
4 72 98 (0 -88 -153.559998 ) (0 -256 -153.559998 ) (0 -256 179.967010 ) (0 -88 179.967010 ) 
4 72 76 (176 -256 -153.559998 ) (0 -256 -153.559998 ) (0 -88 -153.559998 ) (176 -88 -153.559998 ) 
4 73 74 (176 -88 -155.967010 ) (176 -88 -153.559998 ) (176 0 -153.559998 ) (176 0 -155.967010 ) 
4 73 75 (176 0 -256 ) (176 -88 -256 ) (176 -88 -168 ) (176 0 -168 ) 
4 73 76 (176 -88 -256 ) (176 -256 -256 ) (176 -256 -153.559998 ) (176 -88 -153.559998 ) 
4 74 100 (0 0 -153.559998 ) (0 0 -155.967010 ) (0 -88 -155.967010 ) (0 -88 -153.559998 ) 
4 74 76 (176 -88 -155.967010 ) (176 -88 -153.559998 ) (0 -88 -153.559998 ) (0 -88 -155.967010 ) 
4 75 101 (0 0 -168 ) (0 0 -256 ) (0 -88 -256 ) (0 -88 -168 ) 
4 75 76 (0 -88 -256 ) (176 -88 -256 ) (176 -88 -168 ) (0 -88 -168 ) 
4 76 102 (0 -88 -256 ) (0 -256 -256 ) (0 -256 -153.559998 ) (0 -88 -153.559998 ) 
4 77 78 (-184 -88 256 ) (-184 -88 192 ) (0 -88 192 ) (0 -88 256 ) 
4 77 79 (-184 -88 192 ) (-184 -88 256 ) (-184 0 256 ) (-184 0 192 ) 
4 78 98 (0 -256 179.967010 ) (-177.897995 -256 179.967010 ) (-177.897995 -88 179.967010 ) (0 -88 179.967010 ) 
4 78 99 (-177.897995 -256 179.967010 ) (-184 -256 179.967010 ) (-184 -88 179.967010 ) (-177.897995 -88 179.967010 ) 
4 78 79 (-184 -88 179.967010 ) (-184 -256 179.967010 ) (-184 -256 256 ) (-184 -88 256 ) 
4 79 99 (-184 -256 179.967010 ) (-256 -256 179.967010 ) (-256 0 179.967010 ) (-184 0 179.967010 ) 
4 80 96 (0 -62.834702 61 ) (0 -62.834702 179.967010 ) (-45 -62.834702 179.967010 ) (-45 -62.834702 61 ) 
4 80 84 (-45 -41 61 ) (-45 0 61 ) (-38.272202 0 61 ) (-38.272202 -41 61 ) 
4 80 85 (-38.272202 -62.834702 61 ) (-45 -62.834702 61 ) (-45 -62 61 ) (-38.272202 -62 61 ) 
4 80 83 (0 -62.834702 61 ) (-33.272202 -62.834702 61 ) (-33.272202 -62 61 ) (0 -62 61 ) 
4 80 82 (-38.272202 -41 61 ) (-38.272202 0 61 ) (-33.272202 0 61 ) (-33.272202 -41 61 ) 
4 80 81 (-33.272202 0 61 ) (0 0 61 ) (0 -41 61 ) (-33.272202 -41 61 ) 
4 80 95 (-45 -62.834702 61 ) (-45 -62.834702 179.967010 ) (-45 0 179.967010 ) (-45 0 61 ) 
4 81 87 (-33.272202 0 37 ) (-20.391600 0 37 ) (-20.391600 -41 37 ) (-33.272202 -41 37 ) 
4 81 86 (-20.391600 0 37 ) (0 0 37 ) (0 -41 37 ) (-20.391600 -41 37 ) 
4 83 96 (0 -62.834702 37 ) (0 -62.834702 61 ) (-33.272202 -62.834702 61 ) (-33.272202 -62.834702 37 ) 
4 83 88 (-20.391600 -62.834702 37 ) (-33.272202 -62.834702 37 ) (-33.272202 -62 37 ) (-20.391600 -62 37 ) 
4 83 86 (0 -62.834702 37 ) (-20.391600 -62.834702 37 ) (-20.391600 -62 37 ) (0 -62 37 ) 
4 84 89 (-45 -41 37 ) (-45 0 37 ) (-38.272202 0 37 ) (-38.272202 -41 37 ) 
4 84 95 (-45 -41 61 ) (-45 0 61 ) (-45 0 37 ) (-45 -41 37 ) 
4 85 96 (-38.272202 -62.834702 61 ) (-45 -62.834702 61 ) (-45 -62.834702 37 ) (-38.272202 -62.834702 37 ) 
4 85 89 (-38.272202 -62.834702 37 ) (-45 -62.834702 37 ) (-45 -62 37 ) (-38.272202 -62 37 ) 
4 85 95 (-45 -62.834702 37 ) (-45 -62.834702 61 ) (-45 -62 61 ) (-45 -62 37 ) 
4 86 96 (0 -62.834702 -69.910507 ) (0 -62.834702 37 ) (-20.391600 -62.834702 37 ) (-20.391600 -62.834702 -69.910507 ) 
4 86 90 (0 -62.834702 -69.910507 ) (-20.391600 -62.834702 -69.910507 ) (-20.391600 -62.020199 -69.910507 ) (0 -62.020199 -69.910507 ) 
4 86 87 (-20.391600 0 -69.910507 ) (-20.391600 -40.956600 -69.910507 ) (-20.391600 -40.956600 37 ) (-20.391600 0 37 ) 
4 86 88 (-20.391600 -59.956600 -69.910507 ) (-20.391600 -62.834702 -69.910507 ) (-20.391600 -62.834702 37 ) (-20.391600 -59.956600 37 ) 
4 88 96 (-20.391600 -62.834702 37 ) (-33.272202 -62.834702 37 ) (-33.272202 -62.834702 -69.910507 ) (-20.391600 -62.834702 -69.910507 ) 
4 88 90 (-20.391600 -62.834702 -69.910507 ) (-33.272202 -62.834702 -69.910507 ) (-33.272202 -62.020199 -69.910507 ) (-20.391600 -62.020199 -69.910507 ) 
4 89 96 (-38.272202 -62.834702 37 ) (-45 -62.834702 37 ) (-45 -62.834702 -69.910507 ) (-38.272202 -62.834702 -69.910507 ) 
4 89 92 (-38.272202 -62.834702 -69.910507 ) (-41 -62.834702 -69.910507 ) (-41 -62.020199 -69.910507 ) (-38.272202 -62.020199 -69.910507 ) 
4 89 93 (-41 -62.834702 -69.910507 ) (-45 -62.834702 -69.910507 ) (-45 0 -69.910507 ) (-41 0 -69.910507 ) 
4 89 95 (-45 -62.834702 -69.910507 ) (-45 -62.834702 37 ) (-45 0 37 ) (-45 0 -69.910507 ) 
4 90 96 (0 -62.834702 -73.161797 ) (0 -62.834702 -69.910507 ) (-33.272202 -62.834702 -69.910507 ) (-33.272202 -62.834702 -73.161797 ) 
4 90 91 (-33.272202 -62.020199 -73.161797 ) (-33.272202 -62.834702 -73.161797 ) (-33.272202 -62.834702 -70.970901 ) (-33.272202 -62.020199 -70.970901 ) 
4 90 94 (0 -62.834702 -73.161797 ) (-33.272202 -62.834702 -73.161797 ) (-33.272202 -62.020199 -73.161797 ) (0 -62.020199 -73.161797 ) 
4 91 96 (-38.272202 -62.834702 -70.970901 ) (-38.272202 -62.834702 -73.161797 ) (-33.272202 -62.834702 -73.161797 ) (-33.272202 -62.834702 -70.970901 ) 
4 91 92 (-38.272202 -62.020199 -73.161797 ) (-38.272202 -62.834702 -73.161797 ) (-38.272202 -62.834702 -70.970901 ) (-38.272202 -62.020199 -70.970901 ) 
4 91 94 (-33.272202 -62.834702 -73.161797 ) (-38.272202 -62.834702 -73.161797 ) (-38.272202 -62.020199 -73.161797 ) (-33.272202 -62.020199 -73.161797 ) 
4 92 96 (-38.272202 -62.834702 -69.910507 ) (-41 -62.834702 -69.910507 ) (-41 -62.834702 -73.161797 ) (-38.272202 -62.834702 -73.161797 ) 
4 92 94 (-38.272202 -62.834702 -73.161797 ) (-41 -62.834702 -73.161797 ) (-41 -62.020199 -73.161797 ) (-38.272202 -62.020199 -73.161797 ) 
4 92 93 (-41 -62.020199 -73.161797 ) (-41 -62.834702 -73.161797 ) (-41 -62.834702 -69.910507 ) (-41 -62.020199 -69.910507 ) 
4 93 96 (-41 -62.834702 -69.910507 ) (-45 -62.834702 -69.910507 ) (-45 -62.834702 -73.161797 ) (-41 -62.834702 -73.161797 ) 
4 93 94 (-41 -62.834702 -73.161797 ) (-45 -62.834702 -73.161797 ) (-45 0 -73.161797 ) (-41 0 -73.161797 ) 
4 93 95 (-45 -62.834702 -73.161797 ) (-45 -62.834702 -69.910507 ) (-45 0 -69.910507 ) (-45 0 -73.161797 ) 
4 94 100 (-45 0 -153.559998 ) (0 0 -153.559998 ) (0 -62.834702 -153.559998 ) (-45 -62.834702 -153.559998 ) 
4 94 96 (-45 -62.834702 -153.559998 ) (0 -62.834702 -153.559998 ) (0 -62.834702 -73.161797 ) (-45 -62.834702 -73.161797 ) 
4 94 95 (-45 0 -153.559998 ) (-45 -62.834702 -153.559998 ) (-45 -62.834702 -73.161797 ) (-45 0 -73.161797 ) 
4 95 100 (-170.986008 0 -153.559998 ) (-45 0 -153.559998 ) (-45 -62.834702 -153.559998 ) (-170.986008 -62.834702 -153.559998 ) 
4 95 96 (-170.986008 -62.834702 -153.559998 ) (-45 -62.834702 -153.559998 ) (-45 -62.834702 179.967010 ) (-170.986008 -62.834702 179.967010 ) 
4 96 100 (-170.986008 -62.834702 -153.559998 ) (0 -62.834702 -153.559998 ) (0 -80 -153.559998 ) (-170.986008 -80 -153.559998 ) 
4 97 100 (-170.986008 -85 -153.559998 ) (0 -85 -153.559998 ) (0 -88 -153.559998 ) (-170.986008 -88 -153.559998 ) 
4 97 98 (-170.986008 -88 -153.559998 ) (0 -88 -153.559998 ) (0 -88 179.967010 ) (-170.986008 -88 179.967010 ) 
4 98 102 (0 -256 -153.559998 ) (-177.897995 -256 -153.559998 ) (-177.897995 -88 -153.559998 ) (0 -88 -153.559998 ) 
4 98 99 (-177.897995 -88 -153.559998 ) (-177.897995 -256 -153.559998 ) (-177.897995 -256 179.967010 ) (-177.897995 -88 179.967010 ) 
4 99 100 (-184 -88 -153.559998 ) (-184 0 -153.559998 ) (-177.897995 0 -153.559998 ) (-177.897995 -88 -153.559998 ) 
4 99 102 (-177.897995 -256 -153.559998 ) (-184 -256 -153.559998 ) (-184 -88 -153.559998 ) (-177.897995 -88 -153.559998 ) 
4 99 103 (-184 -256 -153.559998 ) (-256 -256 -153.559998 ) (-256 0 -153.559998 ) (-184 0 -153.559998 ) 
4 100 103 (-184 -88 -155.967010 ) (-184 -88 -153.559998 ) (-184 0 -153.559998 ) (-184 0 -155.967010 ) 
4 100 102 (-184 -88 -153.559998 ) (-184 -88 -155.967010 ) (0 -88 -155.967010 ) (0 -88 -153.559998 ) 
4 101 102 (-184 -88 -168 ) (-184 -88 -256 ) (0 -88 -256 ) (0 -88 -168 ) 
4 101 103 (-184 0 -256 ) (-184 -88 -256 ) (-184 -88 -168 ) (-184 0 -168 ) 
4 102 103 (-184 -88 -256 ) (-184 -256 -256 ) (-184 -256 -153.559998 ) (-184 -88 -153.559998 ) 
