PRT1
70
201
4 1 16 (0 1024 -896 ) (0 1024 896 ) (0 1152 896 ) (0 1152 -896 ) 
4 1 8 (768 1024 -896 ) (768 1024 32 ) (0 1024 32 ) (0 1024 -896 ) 
4 1 3 (160 1024 896 ) (0 1024 896 ) (0 1024 32 ) (160 1024 32 ) 
4 1 2 (768 1024 32 ) (768 1024 896 ) (160 1024 896 ) (160 1024 32 ) 
4 2 8 (160 1024 32 ) (768 1024 32 ) (768 576 32 ) (160 576 32 ) 
4 2 6 (160 576 32 ) (768 576 32 ) (768 576 160 ) (160 576 160 ) 
4 2 5 (768 576 160 ) (768 576 896 ) (160 576 896 ) (160 576 160 ) 
4 2 4 (160 576 160 ) (160 576 896 ) (160 608 896 ) (160 608 160 ) 
4 2 3 (160 1024 32 ) (160 608 32 ) (160 608 896 ) (160 1024 896 ) 
4 3 18 (0 1024 896 ) (0 1024 32 ) (0 608 32 ) (0 608 896 ) 
4 3 8 (0 608 32 ) (0 1024 32 ) (160 1024 32 ) (160 608 32 ) 
4 3 4 (160 608 160 ) (160 608 896 ) (0 608 896 ) (0 608 160 ) 
4 4 19 (0 576 160 ) (0 576 896 ) (0 608 896 ) (0 608 160 ) 
4 4 7 (128 576 896 ) (0 576 896 ) (0 576 160 ) (128 576 160 ) 
4 4 5 (160 576 160 ) (160 576 896 ) (128 576 896 ) (128 576 160 ) 
4 5 9 (128 0 896 ) (128 0 160 ) (768 0 160 ) (768 0 896 ) 
4 5 7 (128 576 896 ) (128 576 160 ) (128 0 160 ) (128 0 896 ) 
4 5 6 (160 576 160 ) (768 576 160 ) (768 0 160 ) (160 0 160 ) 
4 6 10 (160 0 32 ) (768 0 32 ) (768 0 160 ) (160 0 160 ) 
4 6 8 (768 0 32 ) (160 0 32 ) (160 576 32 ) (768 576 32 ) 
4 7 23 (0 0 64 ) (0 0 160 ) (0 576 160 ) (0 576 64 ) 
4 7 22 (0 0 160 ) (0 0 896 ) (0 576 896 ) (0 576 160 ) 
4 7 11 (0 0 896 ) (0 0 64 ) (128 0 64 ) (128 0 896 ) 
4 8 27 (0 0 -896 ) (0 0 32 ) (0 576 32 ) (0 576 -896 ) 
4 8 21 (0 576 32 ) (0 1024 32 ) (0 1024 -896 ) (0 576 -896 ) 
4 8 15 (768 0 -896 ) (768 0 32 ) (0 0 32 ) (0 0 -896 ) 
4 9 13 (160 -192 896 ) (128 -192 896 ) (128 -192 160 ) (160 -192 160 ) 
4 9 12 (768 -192 160 ) (768 -192 896 ) (160 -192 896 ) (160 -192 160 ) 
4 9 11 (128 0 896 ) (128 0 160 ) (128 -192 160 ) (128 -192 896 ) 
4 9 10 (768 -192 160 ) (160 -192 160 ) (160 0 160 ) (768 0 160 ) 
4 10 15 (160 0 32 ) (768 0 32 ) (768 -192 32 ) (160 -192 32 ) 
4 10 12 (160 -192 32 ) (768 -192 32 ) (768 -192 160 ) (160 -192 160 ) 
4 11 43 (0 -64 64 ) (0 -192 64 ) (0 -192 896 ) (0 -64 896 ) 
4 11 38 (0 0 896 ) (0 0 64 ) (0 -64 64 ) (0 -64 896 ) 
4 11 13 (128 -192 160 ) (128 -192 896 ) (0 -192 896 ) (0 -192 160 ) 
4 12 15 (768 -1024 32 ) (160 -1024 32 ) (160 -192 32 ) (768 -192 32 ) 
4 12 13 (160 -224 896 ) (160 -192 896 ) (160 -192 160 ) (160 -224 160 ) 
4 12 14 (160 -1024 896 ) (160 -224 896 ) (160 -224 32 ) (160 -1024 32 ) 
4 13 65 (0 -224 896 ) (0 -192 896 ) (0 -192 160 ) (0 -224 160 ) 
4 13 14 (160 -224 160 ) (160 -224 896 ) (0 -224 896 ) (0 -224 160 ) 
4 14 66 (0 -1024 32 ) (0 -1024 896 ) (0 -224 896 ) (0 -224 32 ) 
4 14 15 (160 -1024 32 ) (0 -1024 32 ) (0 -224 32 ) (160 -224 32 ) 
4 15 68 (0 -1024 -896 ) (0 -1024 32 ) (0 -192 32 ) (0 -192 -896 ) 
4 15 45 (0 -192 32 ) (0 -64 32 ) (0 -64 -896 ) (0 -192 -896 ) 
4 15 42 (0 0 20.061300 ) (0 0 -896 ) (0 -64 -896 ) (0 -64 20.061300 ) 
4 15 40 (0 -64 32 ) (0 0 32 ) (0 0 20.061300 ) (0 -64 20.061300 ) 
4 16 21 (0 1024 -896 ) (0 1024 32 ) (-1024 1024 32 ) (-1024 1024 -896 ) 
4 16 18 (0 1024 32 ) (0 1024 896 ) (-928 1024 896 ) (-928 1024 32 ) 
4 16 20 (-928 1024 896 ) (-1024 1024 896 ) (-1024 1024 32 ) (-928 1024 32 ) 
4 16 17 (-1024 1024 -896 ) (-1024 1024 896 ) (-1024 1152 896 ) (-1024 1152 -896 ) 
4 17 37 (-1024 1024 -896 ) (-1024 1024 896 ) (-1536 1024 896 ) (-1536 1024 -896 ) 
4 18 21 (-928 608 32 ) (-928 1024 32 ) (0 1024 32 ) (0 608 32 ) 
4 18 19 (-928 608 896 ) (-928 608 160 ) (0 608 160 ) (0 608 896 ) 
4 18 20 (-928 1024 32 ) (-928 608 32 ) (-928 608 896 ) (-928 1024 896 ) 
4 19 22 (0 576 160 ) (0 576 896 ) (-928 576 896 ) (-928 576 160 ) 
4 19 20 (-928 576 160 ) (-928 576 896 ) (-928 608 896 ) (-928 608 160 ) 
4 20 37 (-1024 1024 896 ) (-1024 1024 32 ) (-1024 576 32 ) (-1024 576 896 ) 
4 20 29 (-1024 576 64 ) (-1024 576 32 ) (-928 576 32 ) (-928 576 64 ) 
4 20 24 (-1024 576 160 ) (-1024 576 64 ) (-928 576 64 ) (-928 576 160 ) 
4 20 22 (-928 576 896 ) (-1024 576 896 ) (-1024 576 160 ) (-928 576 160 ) 
4 20 21 (-928 576 32 ) (-1024 576 32 ) (-1024 1024 32 ) (-928 1024 32 ) 
4 21 37 (-1024 1024 32 ) (-1024 1024 -896 ) (-1024 576 -896 ) (-1024 576 32 ) 
4 21 30 (-256 576 32 ) (-1024 576 32 ) (-1024 576 -896 ) (-256 576 -896 ) 
4 21 27 (0 576 -896 ) (0 576 32 ) (-256 576 32 ) (-256 576 -896 ) 
4 22 62 (-896 0 896 ) (-1024 0 896 ) (-1024 0 160 ) (-896 0 160 ) 
4 22 46 (-448 0 896 ) (-896 0 896 ) (-896 0 160 ) (-448 0 160 ) 
4 22 41 (-256 0 896 ) (-448 0 896 ) (-448 0 160 ) (-256 0 160 ) 
4 22 38 (0 0 160 ) (0 0 896 ) (-256 0 896 ) (-256 0 160 ) 
4 22 37 (-1024 0 160 ) (-1024 0 896 ) (-1024 576 896 ) (-1024 576 160 ) 
4 22 23 (0 0 160 ) (-896 0 160 ) (-896 576 160 ) (0 576 160 ) 
4 22 24 (-928 0 160 ) (-1024 0 160 ) (-1024 576 160 ) (-928 576 160 ) 
4 23 48 (-776 0 64 ) (-632 0 64 ) (-632 0 144 ) (-776 0 144 ) 
4 23 47 (-632 0 64 ) (-448 0 64 ) (-448 0 144 ) (-632 0 144 ) 
4 23 50 (-896 0 144 ) (-896 0 64 ) (-776 0 64 ) (-776 0 144 ) 
4 23 46 (-448 0 160 ) (-896 0 160 ) (-896 0 144 ) (-448 0 144 ) 
4 23 41 (-256 0 160 ) (-448 0 160 ) (-448 0 64 ) (-256 0 64 ) 
4 23 38 (0 0 64 ) (0 0 160 ) (-256 0 160 ) (-256 0 64 ) 
4 23 32 (-448 0 64 ) (-465.127014 0 64 ) (-465.127014 128 64 ) (-448 128 64 ) 
4 23 31 (-256 128 64 ) (-256 0 64 ) (-448 0 64 ) (-448 128 64 ) 
4 23 28 (-256 134.109985 64 ) (-256 128 64 ) (-464.840027 128 64 ) (-464.840027 134.110001 64 ) 
4 23 26 (-249.626984 0 64 ) (-256 0 64 ) (-256 128 64 ) (-249.626984 128 64 ) 
4 23 25 (-249.425995 128 64 ) (-256 128 64 ) (-256 134.110001 64 ) (-249.425995 134.110001 64 ) 
4 24 63 (-928 0 160 ) (-1024 0 160 ) (-1024 0 64 ) (-928 0 64 ) 
4 24 37 (-1024 0 64 ) (-1024 0 160 ) (-1024 576 160 ) (-1024 576 64 ) 
4 24 35 (-1024 0 64 ) (-1024 128 64 ) (-928 128 64 ) (-928 0 64 ) 
4 24 29 (-1024 128 64 ) (-1024 576 64 ) (-928 576 64 ) (-928 128 64 ) 
3 25 28 (-256 128 64 ) (-256 134.110001 64 ) (-256 128 52.924892 ) 
5 25 26 (-256 128 64 ) (-256 128 52.925781 ) (-255.908066 128 52.925781 ) (-251.091476 128 61.154621 ) (-249.626999 128 64 ) 
3 26 39 (-249.626984 0 64 ) (-256 0 64 ) (-256 0 51.617687 ) 
5 26 31 (-256 0 52.061302 ) (-256 0 64 ) (-256 128 64 ) (-256 128 52.924892 ) (-256 127.523567 52.061302 ) 
4 27 42 (0 0 -896 ) (0 0 20.061300 ) (-256 0 20.061300 ) (-256 0 -896 ) 
4 27 40 (0 0 20.061300 ) (0 0 32 ) (-256 0 32 ) (-256 0 20.061300 ) 
4 27 36 (-256 0 -896 ) (-256 0 20.061300 ) (-256 128 20.061300 ) (-256 128 -896 ) 
4 27 30 (-256 128 32 ) (-256 576 32 ) (-256 576 -896 ) (-256 128 -896 ) 
3 28 32 (-448 128 64 ) (-464.840027 128 64 ) (-448 128 52.954182 ) 
5 28 31 (-256 128 52.927097 ) (-256 128 64 ) (-448 128 64 ) (-448 128 52.954182 ) (-447.958710 128 52.927097 ) 
4 29 37 (-1024 128 32 ) (-1024 128 64 ) (-1024 576 64 ) (-1024 576 32 ) 
4 29 35 (-928 128 64 ) (-1024 128 64 ) (-1024 128 32 ) (-928 128 32 ) 
4 29 30 (-928 128 32 ) (-1024 128 32 ) (-1024 576 32 ) (-928 576 32 ) 
4 30 37 (-1024 128 -896 ) (-1024 128 32 ) (-1024 576 32 ) (-1024 576 -896 ) 
4 30 36 (-256 128 -896 ) (-256 128 20.061300 ) (-1024 128 20.061300 ) (-1024 128 -896 ) 
4 30 34 (-896 128 32 ) (-928 128 32 ) (-928 128 20.061300 ) (-896 128 20.061300 ) 
4 30 35 (-928 128 32 ) (-1024 128 32 ) (-1024 128 20.061300 ) (-928 128 20.061300 ) 
4 30 33 (-448 128 32 ) (-896 128 32 ) (-896 128 20.061300 ) (-448 128 20.061300 ) 
4 31 41 (-256 0 52.061302 ) (-256 0 64 ) (-448 0 64 ) (-448 0 52.061302 ) 
4 31 32 (-448 128 64 ) (-448 128 52.843304 ) (-448 0 52.843304 ) (-448 0 64 ) 
3 32 60 (-448 0 64 ) (-465.127014 0 64 ) (-448 0 52.843300 ) 
4 33 64 (-896 0 32 ) (-896 0 20.061300 ) (-448 0 20.061300 ) (-448 0 32 ) 
4 33 36 (-896 128 20.061300 ) (-448 128 20.061300 ) (-448 0 20.061300 ) (-896 0 20.061300 ) 
4 33 34 (-896 128 32 ) (-896 128 20.061300 ) (-896 0 20.061300 ) (-896 0 32 ) 
4 34 64 (-928 0 32 ) (-928 0 20.061300 ) (-896 0 20.061300 ) (-896 0 32 ) 
4 34 36 (-928 128 20.061300 ) (-896 128 20.061300 ) (-896 0 20.061300 ) (-928 0 20.061300 ) 
4 34 35 (-928 128 32 ) (-928 128 20.061300 ) (-928 0 20.061300 ) (-928 0 32 ) 
4 35 64 (-1024 0 32 ) (-1024 0 20.061300 ) (-928 0 20.061300 ) (-928 0 32 ) 
4 35 63 (-928 0 64 ) (-1024 0 64 ) (-1024 0 32 ) (-928 0 32 ) 
4 35 37 (-1024 0 20.061300 ) (-1024 0 64 ) (-1024 128 64 ) (-1024 128 20.061300 ) 
4 35 36 (-1024 128 20.061300 ) (-928 128 20.061300 ) (-928 0 20.061300 ) (-1024 0 20.061300 ) 
4 36 64 (-448 0 20.061300 ) (-1024 0 20.061300 ) (-1024 0 -896 ) (-448 0 -896 ) 
4 36 42 (-256 0 -896 ) (-256 0 20.061300 ) (-448 0 20.061300 ) (-448 0 -896 ) 
4 36 37 (-1024 0 -896 ) (-1024 0 20.061300 ) (-1024 128 20.061300 ) (-1024 128 -896 ) 
4 37 69 (-1024 0 -896 ) (-1024 0 896 ) (-1536 0 896 ) (-1536 0 -896 ) 
4 38 43 (0 -64 64 ) (0 -64 896 ) (-256 -64 896 ) (-256 -64 64 ) 
4 38 41 (-256 -64 64 ) (-256 -64 896 ) (-256 0 896 ) (-256 0 64 ) 
4 38 39 (-249.626984 -64 64 ) (-256 -64 64 ) (-256 0 64 ) (-249.626984 0 64 ) 
4 39 41 (-256 -64 52.061302 ) (-256 -64 64 ) (-256 0 64 ) (-256 0 52.061302 ) 
4 40 45 (-256 -64 20.061300 ) (0 -64 20.061300 ) (0 -64 32 ) (-256 -64 32 ) 
4 40 42 (0 -64 20.061300 ) (-256 -64 20.061300 ) (-256 0 20.061300 ) (0 0 20.061300 ) 
4 41 60 (-448 0 64 ) (-448 0 52.843304 ) (-448 -64 52.843304 ) (-448 -64 64 ) 
4 41 51 (-448 -40 64 ) (-448 -64 64 ) (-448 -64 144 ) (-448 -40 144 ) 
4 41 47 (-448 0 144 ) (-448 0 64 ) (-448 -40 64 ) (-448 -40 144 ) 
4 41 46 (-448 0 896 ) (-448 0 144 ) (-448 -64 144 ) (-448 -64 896 ) 
4 41 44 (-448 -64 64 ) (-448 -64 52.061302 ) (-256 -64 52.061302 ) (-256 -64 64 ) 
4 41 43 (-448 -64 896 ) (-448 -64 64 ) (-256 -64 64 ) (-256 -64 896 ) 
4 42 64 (-448 0 20.061300 ) (-448 0 -896 ) (-448 -64 -896 ) (-448 -64 20.061300 ) 
4 42 45 (-448 -64 20.061300 ) (-448 -64 -896 ) (0 -64 -896 ) (0 -64 20.061300 ) 
4 43 65 (0 -192 160 ) (0 -192 896 ) (-448 -192 896 ) (-448 -192 160 ) 
4 43 51 (-448 -192 64 ) (-448 -192 144 ) (-448 -64 144 ) (-448 -64 64 ) 
4 43 46 (-448 -192 144 ) (-448 -192 896 ) (-448 -64 896 ) (-448 -64 144 ) 
4 43 44 (-448 -71.923897 64 ) (-448 -64 64 ) (-256 -64 64 ) (-256 -71.923897 64 ) 
3 44 61 (-448 -71.820702 64 ) (-448 -64 64 ) (-448 -64 52.713978 ) 
4 45 68 (0 -192 -896 ) (0 -192 32 ) (-448 -192 32 ) (-448 -192 -896 ) 
4 45 64 (-448 -192 -896 ) (-448 -192 32 ) (-448 -64 32 ) (-448 -64 -896 ) 
4 46 65 (-448 -192 160 ) (-448 -192 896 ) (-896 -192 896 ) (-896 -192 160 ) 
4 46 62 (-896 0 896 ) (-896 0 160 ) (-896 -192 160 ) (-896 -192 896 ) 
4 46 58 (-640 -136 144 ) (-640 -192 144 ) (-776 -192 144 ) (-776 -136 144 ) 
4 46 57 (-776 -128 144 ) (-640 -128 144 ) (-640 -136 144 ) (-776 -136 144 ) 
4 46 59 (-896 -192 144 ) (-896 -128 144 ) (-776 -128 144 ) (-776 -192 144 ) 
4 46 55 (-776 -40 144 ) (-768 -40 144 ) (-768 -128 144 ) (-776 -128 144 ) 
4 46 54 (-768 -40 144 ) (-640 -40 144 ) (-640 -128 144 ) (-768 -128 144 ) 
4 46 56 (-896 -128 144 ) (-896 -40 144 ) (-776 -40 144 ) (-776 -128 144 ) 
4 46 53 (-632 -136 144 ) (-632 -192 144 ) (-640 -192 144 ) (-640 -136 144 ) 
4 46 52 (-640 -40 144 ) (-632 -40 144 ) (-632 -136 144 ) (-640 -136 144 ) 
4 46 51 (-632 -40 144 ) (-448 -40 144 ) (-448 -192 144 ) (-632 -192 144 ) 
4 46 49 (-632 -32 144 ) (-632 -40 144 ) (-776 -40 144 ) (-776 -32 144 ) 
4 46 48 (-776 0 144 ) (-632 0 144 ) (-632 -32 144 ) (-776 -32 144 ) 
4 46 47 (-632 0 144 ) (-448 0 144 ) (-448 -40 144 ) (-632 -40 144 ) 
4 46 50 (-896 -40 144 ) (-896 0 144 ) (-776 0 144 ) (-776 -40 144 ) 
4 47 60 (-465.127014 0 64 ) (-448 0 64 ) (-448 -40 64 ) (-465.127014 -40 64 ) 
4 47 51 (-632 -40 64 ) (-448 -40 64 ) (-448 -40 144 ) (-632 -40 144 ) 
4 47 49 (-632 -32 64 ) (-632 -40 64 ) (-632 -40 144 ) (-632 -32 144 ) 
4 47 48 (-632 0 64 ) (-632 -32 64 ) (-632 -32 144 ) (-632 0 144 ) 
4 48 50 (-776 0 64 ) (-776 -32 64 ) (-776 -32 144 ) (-776 0 144 ) 
4 48 49 (-776 -32 144 ) (-776 -32 64 ) (-632 -32 64 ) (-632 -32 144 ) 
4 49 55 (-776 -40 64 ) (-768 -40 64 ) (-768 -40 144 ) (-776 -40 144 ) 
4 49 54 (-768 -40 64 ) (-640 -40 64 ) (-640 -40 144 ) (-768 -40 144 ) 
4 49 52 (-640 -40 64 ) (-632 -40 64 ) (-632 -40 144 ) (-640 -40 144 ) 
4 49 50 (-776 -32 64 ) (-776 -40 64 ) (-776 -40 144 ) (-776 -32 144 ) 
4 50 56 (-896 -40 64 ) (-776 -40 64 ) (-776 -40 144 ) (-896 -40 144 ) 
4 51 61 (-448 -64 64 ) (-448 -71.820702 64 ) (-464.558014 -71.820702 64 ) (-464.558014 -64 64 ) 
4 51 60 (-465.127014 -40 64 ) (-448 -40 64 ) (-448 -64 64 ) (-465.127014 -64 64 ) 
4 51 53 (-632 -136 64 ) (-632 -192 64 ) (-632 -192 144 ) (-632 -136 144 ) 
4 51 52 (-632 -40 144 ) (-632 -40 64 ) (-632 -136 64 ) (-632 -136 144 ) 
4 52 57 (-640 -128 64 ) (-640 -136 64 ) (-640 -136 144 ) (-640 -128 144 ) 
4 52 54 (-640 -40 144 ) (-640 -40 64 ) (-640 -128 64 ) (-640 -128 144 ) 
4 52 53 (-640 -136 144 ) (-640 -136 64 ) (-632 -136 64 ) (-632 -136 144 ) 
4 53 58 (-640 -136 64 ) (-640 -192 64 ) (-640 -192 144 ) (-640 -136 144 ) 
4 54 57 (-768 -128 64 ) (-640 -128 64 ) (-640 -128 144 ) (-768 -128 144 ) 
4 54 55 (-768 -40 144 ) (-768 -40 64 ) (-768 -128 64 ) (-768 -128 144 ) 
4 55 57 (-776 -128 64 ) (-768 -128 64 ) (-768 -128 144 ) (-776 -128 144 ) 
4 55 56 (-776 -40 144 ) (-776 -40 64 ) (-776 -128 64 ) (-776 -128 144 ) 
4 56 59 (-896 -128 64 ) (-776 -128 64 ) (-776 -128 144 ) (-896 -128 144 ) 
4 57 59 (-776 -128 144 ) (-776 -128 64 ) (-776 -136 64 ) (-776 -136 144 ) 
4 57 58 (-776 -136 144 ) (-776 -136 64 ) (-640 -136 64 ) (-640 -136 144 ) 
4 58 59 (-776 -136 64 ) (-776 -192 64 ) (-776 -192 144 ) (-776 -136 144 ) 
3 60 61 (-448 -64 64 ) (-464.558014 -64 64 ) (-448 -64 52.912914 ) 
4 62 69 (-1024 0 896 ) (-1024 0 160 ) (-1024 -192 160 ) (-1024 -192 896 ) 
4 62 65 (-928 -192 160 ) (-896 -192 160 ) (-896 -192 896 ) (-928 -192 896 ) 
4 62 67 (-1024 -192 896 ) (-1024 -192 160 ) (-928 -192 160 ) (-928 -192 896 ) 
4 62 63 (-1024 0 160 ) (-928 0 160 ) (-928 -192 160 ) (-1024 -192 160 ) 
4 63 69 (-1024 0 160 ) (-1024 0 32 ) (-1024 -192 32 ) (-1024 -192 160 ) 
4 63 67 (-1024 -192 160 ) (-1024 -192 32 ) (-928 -192 32 ) (-928 -192 160 ) 
4 63 64 (-1024 0 32 ) (-928 0 32 ) (-928 -192 32 ) (-1024 -192 32 ) 
4 64 69 (-1024 0 32 ) (-1024 0 -896 ) (-1024 -192 -896 ) (-1024 -192 32 ) 
4 64 68 (-448 -192 -896 ) (-448 -192 32 ) (-1024 -192 32 ) (-1024 -192 -896 ) 
4 65 66 (-928 -224 896 ) (-928 -224 160 ) (0 -224 160 ) (0 -224 896 ) 
4 65 67 (-928 -224 160 ) (-928 -224 896 ) (-928 -192 896 ) (-928 -192 160 ) 
4 66 68 (0 -1024 32 ) (-928 -1024 32 ) (-928 -224 32 ) (0 -224 32 ) 
4 66 67 (-928 -224 32 ) (-928 -1024 32 ) (-928 -1024 896 ) (-928 -224 896 ) 
4 67 69 (-1024 -1024 32 ) (-1024 -1024 896 ) (-1024 -192 896 ) (-1024 -192 32 ) 
4 67 68 (-928 -1024 32 ) (-1024 -1024 32 ) (-1024 -192 32 ) (-928 -192 32 ) 
4 68 69 (-1024 -1024 -896 ) (-1024 -1024 32 ) (-1024 -192 32 ) (-1024 -192 -896 ) 
